
> frontend@0.0.0 build
> tsc -b && vite build

[36mvite v7.1.5 [32mbuilding for production...[36m[39m
transforming...
[32mΓ£ô[39m 4603 modules transformed.
rendering chunks...
computing gzip size...
[2mdist/[22m[32mindex.html                                [39m[1m[2m    0.49 kB[22m[1m[22m[2m Γöé gzip:   0.31 kB[22m
[2mdist/[22m[32massets/SB-ClfmK0BN.png                    [39m[1m[2m   22.22 kB[22m[1m[22m
[2mdist/[22m[32massets/big_noodle_titling-CmfBXbpw.ttf    [39m[1m[2m   26.83 kB[22m[1m[22m
[2mdist/[22m[32massets/VB-ByqBXgPe.png                    [39m[1m[2m   33.30 kB[22m[1m[22m
[2mdist/[22m[32massets/BP-CY2FR12Q.png                    [39m[1m[2m   34.17 kB[22m[1m[22m
[2mdist/[22m[32massets/PSAT Logo 2-CGejFihV.png           [39m[1m[2m   53.06 kB[22m[1m[22m
[2mdist/[22m[32massets/CycleRAP-logo-PlXjmuMT.png         [39m[1m[2m   99.02 kB[22m[1m[22m
[2mdist/[22m[32massets/BB-N3C7I1-V.png                    [39m[1m[2m  524.57 kB[22m[1m[22m
[2mdist/[22m[32massets/PSAT Landing Page BG-Cg7NwBS_.png  [39m[1m[2m  609.36 kB[22m[1m[22m
[2mdist/[22m[35massets/index-DeY9WCZ8.css                 [39m[1m[2m   51.96 kB[22m[1m[22m[2m Γöé gzip:  13.66 kB[22m
[2mdist/[22m[36massets/index-su5Bw6d7.js                  [39m[1m[33m1,910.96 kB[39m[22m[2m Γöé gzip: 559.60 kB[22m
npm.cmd : [33m
At line:1 char:25
+ Set-Location frontend; npm.cmd run build 2>&1 | Tee-Object build_out ...
+                         ~~~~~~~~~~~~~~~~~~~~~~
    + CategoryInfo          : NotSpecified: ([33m:String) [], RemoteException
    + FullyQualifiedErrorId : NativeCommandError
 
(!) Some chunks are larger than 500 kB after minification. Consider:
- Using dynamic import() to code-split the application
- Use build.rollupOptions.output.manualChunks to improve chunking: 
https://rollupjs.org/configuration-options/#output-manualchunks
- Adjust chunk size limit for this warning via 
build.chunkSizeWarningLimit.[39m
[32mΓ£ô built in 11.88s[39m
